Built from '6000.3/staging' branch; Version is '6000.3.23f1 (09d2ecc7fb28) revision 643820'; Using compiler version '194234433'; Build Type 'Release'
OS: 'Windows 10  (10.0.19045) 64bit Professional' Language: 'uk' Physical Memory: 15836 MB
BatchMode: 1, IsHumanControllingUs: 0, StartBugReporterOnCrash: 0, Is64bit: 1
System  architecture: x64
Process architecture: x64
Date: 2026-09-10T13:10:02Z
[Licensing::Module] Trying to connect to existing licensing client channel...
[Licensing::IpcConnector] Successfully connected to: "LicenseClient-Nikolaienko" at "2026-09-10T13:10:02.8663012Z"

COMMAND LINE ARGUMENTS:
C:\Program Files\Unity 6000.3.23f1\Editor\Unity.exe
-adb2
-batchMode
-noUpm
-name
AssetImportWorker1
-projectPath
D:/Work/GitHub/TestNGO
-logFile
Logs/AssetImportWorker1.log
-srvPort
57628
-parentPid
11936
-analyticsCloudUserId
7971561647502
-analyticsLocalProjectId
6ef48c1db021efa48ab362fdfa404ce8
-editorAnalyticsEnabled
1
-cbmEditorLicense
39f005d78c910ce70fc36487da3499a96581a704
-cbmMachineId
GTLbflJvPjdNQFstkC1Rl42jIrU=
-licensingIpc
LicenseClient-Nikolaienko
-job-worker-count
1
-background-job-worker-count
8
-gc-helper-count
1
-name
AssetImport
Successfully changed project path to: D:/Work/GitHub/TestNGO
D:/Work/GitHub/TestNGO
[UnityMemory] Configuration Parameters - Can be set up in boot.config
    "memorysetup-temp-allocator-size-nav-mesh-worker=65536"
    "memorysetup-temp-allocator-size-audio-worker=65536"
    "memorysetup-temp-allocator-size-gfx=262144"
    "memorysetup-allocator-temp-initial-block-size-main=262144"
    "memorysetup-allocator-temp-initial-block-size-worker=262144"
    "memorysetup-temp-allocator-size-background-worker=32768"
    "memorysetup-temp-allocator-size-job-worker=262144"
    "memorysetup-temp-allocator-size-preload-manager=33554432"
    "memorysetup-remapper-allocator-initial-capacity=32768"
    "memorysetup-temp-allocator-size-gi-baking-worker=262144"
    "memorysetup-temp-allocator-size-gi-baking-worker=262144"
    "memorysetup-temp-allocator-size-gi-baking-worker=262144"
    "memorysetup-temp-allocator-size-gi-baking-worker=262144"
    "memorysetup-temp-allocator-size-gi-baking-worker=262144"
    "memorysetup-bucket-allocator-granularity=16"
    "memorysetup-bucket-allocator-bucket-count=8"
    "memorysetup-bucket-allocator-block-size=33554432"
    "memorysetup-bucket-allocator-block-count=8"
    "memorysetup-main-allocator-block-size=16777216"
    "memorysetup-thread-allocator-block-size=16777216"
    "memorysetup-gfx-main-allocator-block-size=16777216"
    "memorysetup-gfx-thread-allocator-block-size=16777216"
    "memorysetup-cache-allocator-block-size=4194304"
    "memorysetup-typetree-allocator-block-size=2097152"
    "memorysetup-profiler-bucket-allocator-granularity=16"
    "memorysetup-profiler-bucket-allocator-bucket-count=8"
    "memorysetup-profiler-bucket-allocator-block-size=33554432"
    "memorysetup-profiler-bucket-allocator-block-count=8"
    "memorysetup-profiler-allocator-block-size=16777216"
    "memorysetup-profiler-editor-allocator-block-size=1048576"
    "memorysetup-temp-allocator-size-main=16777216"
    "memorysetup-job-temp-allocator-block-size=2097152"
    "memorysetup-job-temp-allocator-block-size-background=1048576"
    "memorysetup-job-temp-allocator-reduction-small-platforms=262144"
    "memorysetup-temp-allocator-size-cloud-worker=32768"
Player connection [7516]  Target information:

Player connection [7516]  * "[IP] 192.168.0.106 [Port] 0 [Flags] 2 [Guid] 4021722699 [EditorId] 4021722699 [Version] 1048832 [Id] WindowsEditor(7,DESKTOP-O7KKPMB) [Debug] 1 [PackageName] WindowsEditor [ProjectName] Editor" 

Player connection [7516] Host joined multi-casting on [225.0.0.222:54997]...
Player connection [7516] Host joined alternative multi-casting on [225.0.0.222:34997]...
JobSystem: Creating JobQueue using job-worker-count value 1
Input System module state changed to: Initialized.
[Physics::Module] Initialized fallback backend.
[Physics::Module] Id: 0xdecafbad
Library Redirect Path: Library/
[Physics::Module] Selected backend.
[Physics::Module] Name: PhysX
[Physics::Module] Id: 0xf2b8ea05
[Physics::Module] SDK Version: 4.1.2
[Physics::Module] Integration Version: 1.0.0
[Physics::Module] Threading Mode: Multi-Threaded
Refreshing native plugins compatible for Editor in 0.62 ms, found 0 plugins.
Preloading 0 native plugins for Editor in 0.00 ms.
Initialize engine version: 6000.3.23f1 (09d2ecc7fb28)
[Subsystems] Discovering subsystems at path C:/Program Files/Unity 6000.3.23f1/Editor/Data/Resources/UnitySubsystems
[Subsystems] Discovering subsystems at path D:/Work/GitHub/TestNGO/Assets
GfxDevice: creating device client; kGfxThreadingModeNonThreaded
d3d12: failed to query info queue interface (0x80004002).
Direct3D:
    Version:         Direct3D 12 [level 11.1]
    Renderer:        Intel(R) HD Graphics 4600 (ID=0x412)
    Vendor:          Intel
    VRAM:            2048 MB
    App VRAM Budget: 2048 MB
    Driver:          20.19.15.4531
    Unified Memory Architecture
    Cache Coherent UMA
Initialize mono
Mono path[0] = 'C:/Program Files/Unity 6000.3.23f1/Editor/Data/Managed'
Mono path[1] = 'C:/Program Files/Unity 6000.3.23f1/Editor/Data/MonoBleedingEdge/lib/mono/unityjit-win32'
Mono config path = 'C:/Program Files/Unity 6000.3.23f1/Editor/Data/MonoBleedingEdge/etc'
Using monoOptions --debugger-agent=transport=dt_socket,embedding=1,server=y,suspend=n,address=127.0.0.1:56900
Begin MonoManager ReloadAssembly
Registering precompiled unity dll's ...
Register platform support module: C:/Program Files/Unity 6000.3.23f1/Editor/Data/PlaybackEngines/WindowsStandaloneSupport/UnityEditor.WindowsStandalone.Extensions.dll
Registered in 0.002708 seconds.
- Loaded All Assemblies, in  0.747 seconds
Native extension for WindowsStandalone target not found
Package Manager log level set to [2]
[Package Manager] Failed to launch server process. Reason: Unity was launched with the -noUpm command-line argument
[Package Manager] Unable to send message (not connected to server process).
[Package Manager] Cannot connect to Unity Package Manager local server
ScheduleIndexationOnStartup MainProcess:False IndexOnStartup:True
[Licensing::Client] Error: HandshakeResponse reported an error:
	ResponseCode: 505
	ResponseStatus: Unsupported protocol version '1.18.3'.
[Licensing::Module] Error: Failed to handshake to channel: "LicenseClient-Nikolaienko"
[Licensing::IpcConnector] LicenseClient-Nikolaienko channel disconnected successfully.
[Licensing::IpcConnector] Successfully connected to: "LicenseClient-Nikolaienko-6000.3.23" at "2026-09-10T13:10:04.8385821Z"
Mono: successfully reloaded assembly
[Licensing::Client] Code 10 while verifying Licensing Client signature (process Id: 9920, path: "C:/Program Files/Unity 6000.3.23f1/Editor/Data/Resources/Licensing/Client/Unity.Licensing.Client.exe")
[Licensing::Module] LicensingClient has failed validation; ignoring
[Licensing::Client] Handshaking with LicensingClient:
  Version:                 1.18.3+d7ffd15
  Session Id:              53b154e9a704477490aeaf8964115461
  Correlation Id:          2d2a0755f674f0df2e120ec31c73bb93
  External correlation Id: 181334862578073403
  Machine Id:              GTLbflJvPjdNQFstkC1Rl42jIrU=
[Licensing::Module] Successfully connected to LicensingClient on channel: "LicenseClient-Nikolaienko-6000.3.23" (connect: 0.00s, validation: 0.01s, handshake: 0.02s)
[Licensing::IpcConnector] Successfully connected to: "LicenseClient-Nikolaienko-6000.3.23-notifications" at "2026-09-10T13:10:04.8652697Z"
[Licensing::Module] Licensing Background thread has ended after 2.00s
- Finished resetting the current domain, in  0.699 seconds
Domain Reload Profiling: 1443ms
	BeginReloadAssembly (227ms)
		ExecutionOrderSort (0ms)
		DisableScriptedObjects (0ms)
		BackupInstance (0ms)
		ReleaseScriptingObjects (0ms)
		CreateAndSetChildDomain (1ms)
	RebuildCommonClasses (81ms)
	RebuildNativeTypeToScriptingClass (53ms)
	initialDomainReloadingComplete (80ms)
	LoadAllAssembliesAndSetupDomain (302ms)
		LoadAssemblies (223ms)
		RebuildTransferFunctionScriptingTraits (0ms)
		AnalyzeDomain (297ms)
			TypeCache.Refresh (295ms)
				TypeCache.ScanAssembly (269ms)
			BuildScriptInfoCaches (0ms)
			ResolveRequiredComponents (1ms)
	FinalizeReload (700ms)
		ReleaseScriptCaches (0ms)
		RebuildScriptCaches (0ms)
		SetupLoadedEditorAssemblies (619ms)
			LogAssemblyErrors (0ms)
			InitializePlatformSupportModulesInManaged (81ms)
			SetLoadedEditorAssemblies (7ms)
			BeforeProcessingInitializeOnLoad (138ms)
			ProcessInitializeOnLoadAttributes (251ms)
			ProcessInitializeOnLoadMethodAttributes (130ms)
			AfterProcessingInitializeOnLoad (0ms)
			EditorAssembliesLoaded (11ms)
		ExecutionOrderSort2 (0ms)
		AwakeInstancesAfterBackupRestoration (0ms)
[Licensing::Client] Successfully resolved entitlement details
[Licensing::Module] License group:
  Id: 7971561647502-UnityPersXXXX
  Product: Unity Personal
  Type: Assigned
  Expiration: Unlimited
========================================================================
Worker process is ready to serve import requests
Import Worker Mode flag is 0x00
Begin MonoManager ReloadAssembly
- Loaded All Assemblies, in  0.757 seconds
Refreshing native plugins compatible for Editor in 0.43 ms, found 0 plugins.
Native extension for WindowsStandalone target not found
[Package Manager] Failed to launch server process. Reason: Unity was launched with the -noUpm command-line argument
[Package Manager] Unable to send message (not connected to server process).
[Package Manager] Cannot connect to Unity Package Manager local server
ScheduleIndexationOnStartup MainProcess:False IndexOnStartup:True
Mono: successfully reloaded assembly
- Finished resetting the current domain, in  0.630 seconds
Domain Reload Profiling: 1384ms
	BeginReloadAssembly (302ms)
		ExecutionOrderSort (0ms)
		DisableScriptedObjects (11ms)
		BackupInstance (0ms)
		ReleaseScriptingObjects (0ms)
		CreateAndSetChildDomain (49ms)
	RebuildCommonClasses (60ms)
	RebuildNativeTypeToScriptingClass (22ms)
	initialDomainReloadingComplete (56ms)
	LoadAllAssembliesAndSetupDomain (312ms)
		LoadAssemblies (369ms)
		RebuildTransferFunctionScriptingTraits (0ms)
		AnalyzeDomain (104ms)
			TypeCache.Refresh (71ms)
				TypeCache.ScanAssembly (62ms)
			BuildScriptInfoCaches (23ms)
			ResolveRequiredComponents (7ms)
	FinalizeReload (631ms)
		ReleaseScriptCaches (0ms)
		RebuildScriptCaches (0ms)
		SetupLoadedEditorAssemblies (461ms)
			LogAssemblyErrors (0ms)
			InitializePlatformSupportModulesInManaged (2ms)
			SetLoadedEditorAssemblies (5ms)
			BeforeProcessingInitializeOnLoad (160ms)
			ProcessInitializeOnLoadAttributes (188ms)
			ProcessInitializeOnLoadMethodAttributes (97ms)
			AfterProcessingInitializeOnLoad (8ms)
			EditorAssembliesLoaded (0ms)
		ExecutionOrderSort2 (0ms)
		AwakeInstancesAfterBackupRestoration (9ms)
Launched and connected shader compiler UnityShaderCompiler.exe after 0.03 seconds
Refreshing native plugins compatible for Editor in 0.24 ms, found 0 plugins.
Preloading 0 native plugins for Editor in 0.00 ms.
Unloading 0 Unused Serialized files (Serialized files now loaded: 0)
Curl error 3: URL rejected: Malformed input to a URL function
Unloading 1779 unused Assets / (0.5 MB). Loaded Objects now: 2381.
Memory consumption went from 84.9 MB to 84.4 MB.
Total: 7.049800 ms (FindLiveObjects: 0.283900 ms CreateObjectMapping: 0.155800 ms MarkObjects: 5.898300 ms  DeleteObjects: 0.710200 ms)

========================================================================
Received Import Request.
  Time since last request: 87059.246753 seconds.
  path: Assets/PlayerPrefab.prefab
  artifactKey: Guid(d52e1d4c3e86a3a4a8b472847678308b) Importer(815301076,1909f56bfc062723c751e8b465ee728b)
Start importing Assets/PlayerPrefab.prefab using Guid(d52e1d4c3e86a3a4a8b472847678308b) Importer(815301076,1909f56bfc062723c751e8b465ee728b) (PreviewImporter) -> (artifact id: 'e267ad3f0b305d53a4c55ed169e9957b') in 0.1676095 seconds
Number of updated asset objects reloaded before import = 0Number of asset objects unloaded after import = 10

========================================================================
Received Import Request.
  Time since last request: 0.000029 seconds.
  path: Assets/INetworkColorable.cs
  artifactKey: Guid(e0bb64e0aa7499647844aa1c8f0bf682) Importer(815301076,1909f56bfc062723c751e8b465ee728b)
Start importing Assets/INetworkColorable.cs using Guid(e0bb64e0aa7499647844aa1c8f0bf682) Importer(815301076,1909f56bfc062723c751e8b465ee728b) (PreviewImporter) -> (artifact id: '9362ea06ed94ee2e256f43fdfb138030') in 0.000615 seconds
Number of updated asset objects reloaded before import = 0Number of asset objects unloaded after import = 0

========================================================================
Received Prepare
Refreshing native plugins compatible for Editor in 0.36 ms, found 0 plugins.
Preloading 0 native plugins for Editor in 0.00 ms.
Unloading 0 Unused Serialized files (Serialized files now loaded: 0)
Unloading 1775 unused Assets / (393.8 KB). Loaded Objects now: 2393.
Memory consumption went from 85.9 MB to 85.5 MB.
Total: 7.329300 ms (FindLiveObjects: 0.275600 ms CreateObjectMapping: 0.136000 ms MarkObjects: 6.281900 ms  DeleteObjects: 0.634200 ms)

Prepare: number of updated asset objects reloaded= 0
========================================================================
Received Import Request.
  Time since last request: 130.636847 seconds.
  path: Assets/INetworkColorable.cs
  artifactKey: Guid(e0bb64e0aa7499647844aa1c8f0bf682) Importer(815301076,1909f56bfc062723c751e8b465ee728b)
Start importing Assets/INetworkColorable.cs using Guid(e0bb64e0aa7499647844aa1c8f0bf682) Importer(815301076,1909f56bfc062723c751e8b465ee728b) (PreviewImporter) -> (artifact id: '5516dab6574bbe27120e2c9cac331e12') in 0.000685 seconds
Number of updated asset objects reloaded before import = 0Number of asset objects unloaded after import = 0

========================================================================
Received Prepare
Refreshing native plugins compatible for Editor in 0.45 ms, found 0 plugins.
Preloading 0 native plugins for Editor in 0.00 ms.
Unloading 0 Unused Serialized files (Serialized files now loaded: 0)
Unloading 1775 unused Assets / (146.0 KB). Loaded Objects now: 2393.
Memory consumption went from 85.9 MB to 85.7 MB.
Total: 8.185800 ms (FindLiveObjects: 0.425100 ms CreateObjectMapping: 0.133900 ms MarkObjects: 7.120600 ms  DeleteObjects: 0.504500 ms)

Prepare: number of updated asset objects reloaded= 0
========================================================================
Received Import Request.
  Time since last request: 12.083894 seconds.
  path: Assets/INetworkColorable.cs
  artifactKey: Guid(e0bb64e0aa7499647844aa1c8f0bf682) Importer(815301076,1909f56bfc062723c751e8b465ee728b)
Start importing Assets/INetworkColorable.cs using Guid(e0bb64e0aa7499647844aa1c8f0bf682) Importer(815301076,1909f56bfc062723c751e8b465ee728b) (PreviewImporter) -> (artifact id: 'a0c979b820e0f507388667a1b6ccd7e9') in 0.0006808 seconds
Number of updated asset objects reloaded before import = 0Number of asset objects unloaded after import = 0

========================================================================
Received Prepare
Refreshing native plugins compatible for Editor in 0.46 ms, found 0 plugins.
Preloading 0 native plugins for Editor in 0.00 ms.
Unloading 0 Unused Serialized files (Serialized files now loaded: 0)
Unloading 1775 unused Assets / (97.2 KB). Loaded Objects now: 2393.
Memory consumption went from 85.9 MB to 85.8 MB.
Total: 9.838000 ms (FindLiveObjects: 0.304000 ms CreateObjectMapping: 0.127000 ms MarkObjects: 8.755800 ms  DeleteObjects: 0.649300 ms)

Prepare: number of updated asset objects reloaded= 0
========================================================================
Received Import Request.
  Time since last request: 235.740928 seconds.
  path: Assets/INetworkColorable.cs
  artifactKey: Guid(e0bb64e0aa7499647844aa1c8f0bf682) Importer(815301076,1909f56bfc062723c751e8b465ee728b)
Start importing Assets/INetworkColorable.cs using Guid(e0bb64e0aa7499647844aa1c8f0bf682) Importer(815301076,1909f56bfc062723c751e8b465ee728b) (PreviewImporter) -> (artifact id: 'f1713322263388e91346e6836e6c113e') in 0.0022158 seconds
Number of updated asset objects reloaded before import = 0Number of asset objects unloaded after import = 0

========================================================================
Received Prepare
Refreshing native plugins compatible for Editor in 0.37 ms, found 0 plugins.
Preloading 0 native plugins for Editor in 0.00 ms.
Unloading 0 Unused Serialized files (Serialized files now loaded: 0)
Unloading 1775 unused Assets / (104.4 KB). Loaded Objects now: 2393.
Memory consumption went from 85.9 MB to 85.8 MB.
Total: 8.511500 ms (FindLiveObjects: 0.468900 ms CreateObjectMapping: 0.225200 ms MarkObjects: 7.110900 ms  DeleteObjects: 0.705300 ms)

Prepare: number of updated asset objects reloaded= 0
========================================================================
Received Import Request.
  Time since last request: 34.052483 seconds.
  path: Assets/INetworkColorable.cs
  artifactKey: Guid(e0bb64e0aa7499647844aa1c8f0bf682) Importer(815301076,1909f56bfc062723c751e8b465ee728b)
Start importing Assets/INetworkColorable.cs using Guid(e0bb64e0aa7499647844aa1c8f0bf682) Importer(815301076,1909f56bfc062723c751e8b465ee728b) (PreviewImporter) -> (artifact id: '3110878cc3c0ca7e760cd4f5a4a9fd81') in 0.0007646 seconds
Number of updated asset objects reloaded before import = 0Number of asset objects unloaded after import = 0

========================================================================
Received Import Request.
  Time since last request: 75.706887 seconds.
  path: Assets/NetworkSpawner.cs
  artifactKey: Guid(3a03595d119f06d46b70ed3ce99b44ba) Importer(815301076,1909f56bfc062723c751e8b465ee728b)
Start importing Assets/NetworkSpawner.cs using Guid(3a03595d119f06d46b70ed3ce99b44ba) Importer(815301076,1909f56bfc062723c751e8b465ee728b) (PreviewImporter) -> (artifact id: '0bcb295760393b05779352a24af8f388') in 0.0005965 seconds
Number of updated asset objects reloaded before import = 0Number of asset objects unloaded after import = 0

========================================================================
Received Import Request.
  Time since last request: 0.455962 seconds.
  path: Assets/INetworkColorable.cs
  artifactKey: Guid(e0bb64e0aa7499647844aa1c8f0bf682) Importer(2089858483,b0f066a214c2f5e87bad3c948f4d605d)
Start importing Assets/INetworkColorable.cs using Guid(e0bb64e0aa7499647844aa1c8f0bf682) Importer(2089858483,b0f066a214c2f5e87bad3c948f4d605d) (ScriptedImporter) -> (artifact id: 'da2e731fb591202ebccf565ff977a2f6') in 0.1137374 seconds
Number of updated asset objects reloaded before import = 0Number of asset objects unloaded after import = 0

========================================================================
Received Import Request.
  Time since last request: 0.000039 seconds.
  path: Assets/NetworkPlayerController.cs
  artifactKey: Guid(6ce45f070b285ea4b8c6a075ef480488) Importer(2089858483,b0f066a214c2f5e87bad3c948f4d605d)
Start importing Assets/NetworkPlayerController.cs using Guid(6ce45f070b285ea4b8c6a075ef480488) Importer(2089858483,b0f066a214c2f5e87bad3c948f4d605d) (ScriptedImporter) -> (artifact id: '2cc6311386824e592d77c7ff304bdf42') in 0.0194978 seconds
Number of updated asset objects reloaded before import = 0Number of asset objects unloaded after import = 0

========================================================================
Received Import Request.
  Time since last request: 0.943688 seconds.
  path: Assets/NetworkPlayerController.cs
  artifactKey: Guid(6ce45f070b285ea4b8c6a075ef480488) Importer(815301076,1909f56bfc062723c751e8b465ee728b)
Start importing Assets/NetworkPlayerController.cs using Guid(6ce45f070b285ea4b8c6a075ef480488) Importer(815301076,1909f56bfc062723c751e8b465ee728b) (PreviewImporter) -> (artifact id: 'fb467f3440dd1f2f49636d20f6eb0ba5') in 0.0006112 seconds
Number of updated asset objects reloaded before import = 0Number of asset objects unloaded after import = 0

========================================================================
Received Prepare
Refreshing native plugins compatible for Editor in 0.61 ms, found 0 plugins.
Preloading 0 native plugins for Editor in 0.00 ms.
Unloading 0 Unused Serialized files (Serialized files now loaded: 0)
Unloading 1776 unused Assets / (351.0 KB). Loaded Objects now: 2394.
Memory consumption went from 85.9 MB to 85.6 MB.
Total: 8.438900 ms (FindLiveObjects: 0.246400 ms CreateObjectMapping: 0.192100 ms MarkObjects: 7.399600 ms  DeleteObjects: 0.599700 ms)

Prepare: number of updated asset objects reloaded= 0
========================================================================
Received Import Request.
  Time since last request: 35.905993 seconds.
  path: Assets/INetworkColorAssigmentService.cs
  artifactKey: Guid(c60f4bd16fe9a5d45963af4c422cd54e) Importer(815301076,1909f56bfc062723c751e8b465ee728b)
Start importing Assets/INetworkColorAssigmentService.cs using Guid(c60f4bd16fe9a5d45963af4c422cd54e) Importer(815301076,1909f56bfc062723c751e8b465ee728b) (PreviewImporter) -> (artifact id: '60969f09cd53d54565b39ad6d2e13c0f') in 0.0005568 seconds
Number of updated asset objects reloaded before import = 0Number of asset objects unloaded after import = 0

========================================================================
Received Import Request.
  Time since last request: 0.922676 seconds.
  path: Assets/INetworkColorAssigmentService.cs
  artifactKey: Guid(c60f4bd16fe9a5d45963af4c422cd54e) Importer(2089858483,b0f066a214c2f5e87bad3c948f4d605d)
Start importing Assets/INetworkColorAssigmentService.cs using Guid(c60f4bd16fe9a5d45963af4c422cd54e) Importer(2089858483,b0f066a214c2f5e87bad3c948f4d605d) (ScriptedImporter) -> (artifact id: 'e826a028b988a6ace1fb527073ef5141') in 0.0182334 seconds
Number of updated asset objects reloaded before import = 0Number of asset objects unloaded after import = 0

========================================================================
Received Prepare
Refreshing native plugins compatible for Editor in 0.36 ms, found 0 plugins.
Preloading 0 native plugins for Editor in 0.00 ms.
Unloading 0 Unused Serialized files (Serialized files now loaded: 0)
Unloading 1776 unused Assets / (401.7 KB). Loaded Objects now: 2394.
Memory consumption went from 85.9 MB to 85.5 MB.
Total: 7.205000 ms (FindLiveObjects: 0.271500 ms CreateObjectMapping: 0.113900 ms MarkObjects: 6.267200 ms  DeleteObjects: 0.550600 ms)

Prepare: number of updated asset objects reloaded= 0
========================================================================
Received Import Request.
  Time since last request: 44.615407 seconds.
  path: Assets/INetworkColorAssigmentService.cs
  artifactKey: Guid(c60f4bd16fe9a5d45963af4c422cd54e) Importer(815301076,1909f56bfc062723c751e8b465ee728b)
Start importing Assets/INetworkColorAssigmentService.cs using Guid(c60f4bd16fe9a5d45963af4c422cd54e) Importer(815301076,1909f56bfc062723c751e8b465ee728b) (PreviewImporter) -> (artifact id: '518fa80372a7165c5b3070efc2e07b0c') in 0.0008304 seconds
Number of updated asset objects reloaded before import = 0Number of asset objects unloaded after import = 0

========================================================================
Received Import Request.
  Time since last request: 0.804818 seconds.
  path: Assets/INetworkColorAssigmentService.cs
  artifactKey: Guid(c60f4bd16fe9a5d45963af4c422cd54e) Importer(2089858483,b0f066a214c2f5e87bad3c948f4d605d)
Start importing Assets/INetworkColorAssigmentService.cs using Guid(c60f4bd16fe9a5d45963af4c422cd54e) Importer(2089858483,b0f066a214c2f5e87bad3c948f4d605d) (ScriptedImporter) -> (artifact id: 'fd999b85fafe03c590795f17ff36332a') in 0.0321183 seconds
Number of updated asset objects reloaded before import = 0Number of asset objects unloaded after import = 0

========================================================================
Received Prepare
Refreshing native plugins compatible for Editor in 0.42 ms, found 0 plugins.
Preloading 0 native plugins for Editor in 0.00 ms.
Unloading 0 Unused Serialized files (Serialized files now loaded: 0)
Unloading 1777 unused Assets / (371.4 KB). Loaded Objects now: 2395.
Memory consumption went from 85.9 MB to 85.5 MB.
Total: 6.384000 ms (FindLiveObjects: 0.261500 ms CreateObjectMapping: 0.116800 ms MarkObjects: 5.470800 ms  DeleteObjects: 0.533300 ms)

Prepare: number of updated asset objects reloaded= 0
========================================================================
Received Import Request.
  Time since last request: 29.670954 seconds.
  path: Assets/NetworkColorController.cs
  artifactKey: Guid(633e9868d0c6163488298c5429017f59) Importer(815301076,1909f56bfc062723c751e8b465ee728b)
Start importing Assets/NetworkColorController.cs using Guid(633e9868d0c6163488298c5429017f59) Importer(815301076,1909f56bfc062723c751e8b465ee728b) (PreviewImporter) -> (artifact id: '41bdbc7544da87230efb67addff6d2a9') in 0.000539 seconds
Number of updated asset objects reloaded before import = 0Number of asset objects unloaded after import = 0

========================================================================
Received Import Request.
  Time since last request: 0.920878 seconds.
  path: Assets/NetworkColorController.cs
  artifactKey: Guid(633e9868d0c6163488298c5429017f59) Importer(2089858483,b0f066a214c2f5e87bad3c948f4d605d)
Start importing Assets/NetworkColorController.cs using Guid(633e9868d0c6163488298c5429017f59) Importer(2089858483,b0f066a214c2f5e87bad3c948f4d605d) (ScriptedImporter) -> (artifact id: '58f350a567d6b09a2252b8b6d61c9a19') in 0.2070251 seconds
Number of updated asset objects reloaded before import = 0Number of asset objects unloaded after import = 0

========================================================================
Received Prepare
Refreshing native plugins compatible for Editor in 0.58 ms, found 0 plugins.
Preloading 0 native plugins for Editor in 0.00 ms.
Unloading 0 Unused Serialized files (Serialized files now loaded: 0)
Unloading 1777 unused Assets / (384.2 KB). Loaded Objects now: 2395.
Memory consumption went from 85.9 MB to 85.5 MB.
Total: 9.974200 ms (FindLiveObjects: 0.334400 ms CreateObjectMapping: 0.196900 ms MarkObjects: 8.935200 ms  DeleteObjects: 0.506100 ms)

Prepare: number of updated asset objects reloaded= 0
========================================================================
Received Import Request.
  Time since last request: 93.986989 seconds.
  path: Assets/PlayerPrefab.prefab
  artifactKey: Guid(d52e1d4c3e86a3a4a8b472847678308b) Importer(815301076,1909f56bfc062723c751e8b465ee728b)
Start importing Assets/PlayerPrefab.prefab using Guid(d52e1d4c3e86a3a4a8b472847678308b) Importer(815301076,1909f56bfc062723c751e8b465ee728b) (PreviewImporter)